[[1;34mINFO[m] Error stacktraces are turned on.
[[1;34mINFO[m] Scanning for projects...
[[1;33mWARNING[m] 
[[1;33mWARNING[m] Some problems were encountered while building the effective model for com.example:TorneoTCG:jar:0.0.1-SNAPSHOT
[[1;33mWARNING[m] 'dependencies.dependency.(groupId:artifactId:type:classifier)' must be unique: org.flywaydb:flyway-mysql:jar -> duplicate declaration of version (?) @ line 34, column 21
[[1;33mWARNING[m] 
[[1;33mWARNING[m] It is highly recommended to fix these problems because they threaten the stability of your build.
[[1;33mWARNING[m] 
[[1;33mWARNING[m] For this reason, future Maven versions might no longer support building such malformed projects.
[[1;33mWARNING[m] 
[[1;34mINFO[m] 
[[1;34mINFO[m] [1m-----------------------< [0;36mcom.example:TorneoTCG[0;1m >------------------------[m
[[1;34mINFO[m] [1mBuilding TorneoTCG 0.0.1-SNAPSHOT[m
[[1;34mINFO[m] [1m--------------------------------[ jar ]---------------------------------[m
[[1;34mINFO[m] 
[[1;34mINFO[m] [1m>>> [0;32mspring-boot-maven-plugin:3.2.5:run[m [1m(default-cli)[0;1m > [0;1mtest-compile[m @ [36mTorneoTCG[0;1m >>>[m
[[1;34mINFO[m] 
[[1;34mINFO[m] [1m--- [0;32mmaven-resources-plugin:3.3.1:resources[m [1m(default-resources)[m @ [36mTorneoTCG[0;1m ---[m
[[1;34mINFO[m] Copying 1 resource from src/main/resources to target/classes
[[1;34mINFO[m] Copying 3 resources from src/main/resources to target/classes
[[1;34mINFO[m] 
[[1;34mINFO[m] [1m--- [0;32mmaven-compiler-plugin:3.11.0:compile[m [1m(default-compile)[m @ [36mTorneoTCG[0;1m ---[m
[[1;34mINFO[m] Nothing to compile - all classes are up to date
[[1;34mINFO[m] 
[[1;34mINFO[m] [1m--- [0;32mmaven-resources-plugin:3.3.1:testResources[m [1m(default-testResources)[m @ [36mTorneoTCG[0;1m ---[m
[[1;34mINFO[m] skip non existing resourceDirectory /home/gonzalo/Documentos/Semestre_3/fullstack/Unidad_3/ev_3/TorneoTCG/TorneoTCG/src/test/resources
[[1;34mINFO[m] 
[[1;34mINFO[m] [1m--- [0;32mmaven-compiler-plugin:3.11.0:testCompile[m [1m(default-testCompile)[m @ [36mTorneoTCG[0;1m ---[m
[[1;34mINFO[m] Nothing to compile - all classes are up to date
[[1;34mINFO[m] 
[[1;34mINFO[m] [1m<<< [0;32mspring-boot-maven-plugin:3.2.5:run[m [1m(default-cli)[0;1m < [0;1mtest-compile[m @ [36mTorneoTCG[0;1m <<<[m
[[1;34mINFO[m] 
[[1;34mINFO[m] 
[[1;34mINFO[m] [1m--- [0;32mspring-boot-maven-plugin:3.2.5:run[m [1m(default-cli)[m @ [36mTorneoTCG[0;1m ---[m
[[1;34mINFO[m] Attaching agents: []

  .   ____          _            __ _ _
 /\\ / ___'_ __ _ _(_)_ __  __ _ \ \ \ \
( ( )\___ | '_ | '_| | '_ \/ _` | \ \ \ \
 \\/  ___)| |_)| | | | | || (_| |  ) ) ) )
  '  |____| .__|_| |_|_| |_\__, | / / / /
 =========|_|==============|___/=/_/_/_/
 :: Spring Boot ::                (v3.2.5)

2026-06-26T22:42:42.998-04:00  INFO 250100 --- [torneos] [           main] c.e.TorneoTCG.TorneoTcgApplication       : Starting TorneoTcgApplication using Java 21.0.11 with PID 250100 (/home/gonzalo/Documentos/Semestre_3/fullstack/Unidad_3/ev_3/TorneoTCG/TorneoTCG/target/classes started by gonzalo in /home/gonzalo/Documentos/Semestre_3/fullstack/Unidad_3/ev_3/TorneoTCG/TorneoTCG)
2026-06-26T22:42:43.000-04:00  INFO 250100 --- [torneos] [           main] c.e.TorneoTCG.TorneoTcgApplication       : No active profile set, falling back to 1 default profile: "default"
2026-06-26T22:42:43.677-04:00  INFO 250100 --- [torneos] [           main] .s.d.r.c.RepositoryConfigurationDelegate : Bootstrapping Spring Data JPA repositories in DEFAULT mode.
2026-06-26T22:42:43.803-04:00  INFO 250100 --- [torneos] [           main] .s.d.r.c.RepositoryConfigurationDelegate : Finished Spring Data repository scanning in 120 ms. Found 13 JPA repository interfaces.
2026-06-26T22:42:44.000-04:00  INFO 250100 --- [torneos] [           main] o.s.cloud.context.scope.GenericScope     : BeanFactory id=6422697b-d875-35e2-951b-e96281cac111
2026-06-26T22:42:44.104-04:00  WARN 250100 --- [torneos] [           main] trationDelegate$BeanPostProcessorChecker : Bean 'org.springframework.cloud.client.loadbalancer.LoadBalancerAutoConfiguration$DeferringLoadBalancerInterceptorConfig' of type [org.springframework.cloud.client.loadbalancer.LoadBalancerAutoConfiguration$DeferringLoadBalancerInterceptorConfig] is not eligible for getting processed by all BeanPostProcessors (for example: not eligible for auto-proxying). The currently created BeanPostProcessor [lbRestClientPostProcessor] is declared through a non-static factory method on that class; consider declaring it as static instead.
2026-06-26T22:42:44.105-04:00  WARN 250100 --- [torneos] [           main] trationDelegate$BeanPostProcessorChecker : Bean 'deferringLoadBalancerInterceptor' of type [org.springframework.cloud.client.loadbalancer.DeferringLoadBalancerInterceptor] is not eligible for getting processed by all BeanPostProcessors (for example: not eligible for auto-proxying). Is this bean getting eagerly injected into a currently created BeanPostProcessor [lbRestClientPostProcessor]? Check the corresponding BeanPostProcessor declaration and its dependencies.
2026-06-26T22:42:44.108-04:00  WARN 250100 --- [torneos] [           main] trationDelegate$BeanPostProcessorChecker : Bean 'org.springframework.cloud.client.loadbalancer.reactive.LoadBalancerBeanPostProcessorAutoConfiguration' of type [org.springframework.cloud.client.loadbalancer.reactive.LoadBalancerBeanPostProcessorAutoConfiguration] is not eligible for getting processed by all BeanPostProcessors (for example: not eligible for auto-proxying). The currently created BeanPostProcessor [loadBalancerWebClientBuilderBeanPostProcessor] is declared through a non-static factory method on that class; consider declaring it as static instead.
2026-06-26T22:42:44.109-04:00  WARN 250100 --- [torneos] [           main] trationDelegate$BeanPostProcessorChecker : Bean 'org.springframework.cloud.client.loadbalancer.reactive.LoadBalancerBeanPostProcessorAutoConfiguration$ReactorDeferringLoadBalancerFilterConfig' of type [org.springframework.cloud.client.loadbalancer.reactive.LoadBalancerBeanPostProcessorAutoConfiguration$ReactorDeferringLoadBalancerFilterConfig] is not eligible for getting processed by all BeanPostProcessors (for example: not eligible for auto-proxying). Is this bean getting eagerly injected into a currently created BeanPostProcessor [loadBalancerWebClientBuilderBeanPostProcessor]? Check the corresponding BeanPostProcessor declaration and its dependencies.
2026-06-26T22:42:44.109-04:00  WARN 250100 --- [torneos] [           main] trationDelegate$BeanPostProcessorChecker : Bean 'reactorDeferringLoadBalancerExchangeFilterFunction' of type [org.springframework.cloud.client.loadbalancer.reactive.DeferringLoadBalancerExchangeFilterFunction] is not eligible for getting processed by all BeanPostProcessors (for example: not eligible for auto-proxying). Is this bean getting eagerly injected into a currently created BeanPostProcessor [loadBalancerWebClientBuilderBeanPostProcessor]? Check the corresponding BeanPostProcessor declaration and its dependencies.
2026-06-26T22:42:44.279-04:00  INFO 250100 --- [torneos] [           main] o.s.b.w.embedded.tomcat.TomcatWebServer  : Tomcat initialized with port 8081 (http)
2026-06-26T22:42:44.289-04:00  INFO 250100 --- [torneos] [           main] o.apache.catalina.core.StandardService   : Starting service [Tomcat]
2026-06-26T22:42:44.289-04:00  INFO 250100 --- [torneos] [           main] o.apache.catalina.core.StandardEngine    : Starting Servlet engine: [Apache Tomcat/10.1.20]
2026-06-26T22:42:44.331-04:00  INFO 250100 --- [torneos] [           main] o.a.c.c.C.[Tomcat].[localhost].[/]       : Initializing Spring embedded WebApplicationContext
2026-06-26T22:42:44.332-04:00  INFO 250100 --- [torneos] [           main] w.s.c.ServletWebServerApplicationContext : Root WebApplicationContext: initialization completed in 1298 ms
2026-06-26T22:42:44.416-04:00  INFO 250100 --- [torneos] [           main] com.zaxxer.hikari.HikariDataSource       : HikariPool-1 - Starting...
2026-06-26T22:42:44.643-04:00  INFO 250100 --- [torneos] [           main] com.zaxxer.hikari.pool.HikariPool        : HikariPool-1 - Added connection com.mysql.cj.jdbc.ConnectionImpl@46d1b59
2026-06-26T22:42:44.644-04:00  INFO 250100 --- [torneos] [           main] com.zaxxer.hikari.HikariDataSource       : HikariPool-1 - Start completed.
2026-06-26T22:42:44.698-04:00  INFO 250100 --- [torneos] [           main] o.f.c.internal.license.VersionPrinter    : Flyway Community Edition 9.22.3 by Redgate
2026-06-26T22:42:44.699-04:00  INFO 250100 --- [torneos] [           main] o.f.c.internal.license.VersionPrinter    : See release notes here: https://rd.gt/416ObMi
2026-06-26T22:42:44.699-04:00  INFO 250100 --- [torneos] [           main] o.f.c.internal.license.VersionPrinter    : 
2026-06-26T22:42:44.713-04:00  INFO 250100 --- [torneos] [           main] org.flywaydb.core.FlywayExecutor         : Database: jdbc:mysql://localhost:3306/db_torneo_tcg (MySQL 8.4)
2026-06-26T22:42:44.727-04:00  WARN 250100 --- [torneos] [           main] o.f.c.internal.database.base.Database    : Flyway upgrade recommended: MySQL 8.4 is newer than this version of Flyway and support has not been tested. The latest supported version of MySQL is 8.0.
2026-06-26T22:42:44.743-04:00  INFO 250100 --- [torneos] [           main] o.f.c.i.s.JdbcTableSchemaHistory         : Schema history table `db_torneo_tcg`.`flyway_schema_history` does not exist yet
2026-06-26T22:42:44.746-04:00  INFO 250100 --- [torneos] [           main] o.f.core.internal.command.DbValidate     : Successfully validated 3 migrations (execution time 00:00.013s)
2026-06-26T22:42:44.774-04:00  INFO 250100 --- [torneos] [           main] o.f.c.i.s.JdbcTableSchemaHistory         : Creating Schema History table `db_torneo_tcg`.`flyway_schema_history` ...
2026-06-26T22:42:44.885-04:00  INFO 250100 --- [torneos] [           main] o.f.core.internal.command.DbMigrate      : Current version of schema `db_torneo_tcg`: << Empty Schema >>
2026-06-26T22:42:44.892-04:00  INFO 250100 --- [torneos] [           main] o.f.core.internal.command.DbMigrate      : Migrating schema `db_torneo_tcg` to version "1 - crear tablas region comuna recinto"
2026-06-26T22:42:45.154-04:00  INFO 250100 --- [torneos] [           main] o.f.core.internal.command.DbMigrate      : Migrating schema `db_torneo_tcg` to version "2 - crear tablas jugador carta mazo"
2026-06-26T22:42:45.427-04:00  INFO 250100 --- [torneos] [           main] o.f.core.internal.command.DbMigrate      : Migrating schema `db_torneo_tcg` to version "3 - crear tablas torneo"
2026-06-26T22:42:45.824-04:00  INFO 250100 --- [torneos] [           main] o.f.core.internal.command.DbMigrate      : Successfully applied 3 migrations to schema `db_torneo_tcg`, now at version v3 (execution time 00:00.843s)
2026-06-26T22:42:45.885-04:00  INFO 250100 --- [torneos] [           main] o.hibernate.jpa.internal.util.LogHelper  : HHH000204: Processing PersistenceUnitInfo [name: default]
2026-06-26T22:42:45.917-04:00  INFO 250100 --- [torneos] [           main] org.hibernate.Version                    : HHH000412: Hibernate ORM core version 6.4.4.Final
2026-06-26T22:42:45.937-04:00  INFO 250100 --- [torneos] [           main] o.h.c.internal.RegionFactoryInitiator    : HHH000026: Second-level cache disabled
2026-06-26T22:42:46.075-04:00  INFO 250100 --- [torneos] [           main] o.s.o.j.p.SpringPersistenceUnitInfo      : No LoadTimeWeaver setup: ignoring JPA class transformer
2026-06-26T22:42:46.881-04:00  INFO 250100 --- [torneos] [           main] o.h.e.t.j.p.i.JtaPlatformInitiator       : HHH000489: No JTA platform available (set 'hibernate.transaction.jta.platform' to enable JTA platform integration)
2026-06-26T22:42:46.883-04:00  INFO 250100 --- [torneos] [           main] j.LocalContainerEntityManagerFactoryBean : Initialized JPA EntityManagerFactory for persistence unit 'default'
2026-06-26T22:42:47.400-04:00  WARN 250100 --- [torneos] [           main] JpaBaseConfiguration$JpaWebConfiguration : spring.jpa.open-in-view is enabled by default. Therefore, database queries may be performed during view rendering. Explicitly configure spring.jpa.open-in-view to disable this warning
2026-06-26T22:42:47.773-04:00  INFO 250100 --- [torneos] [           main] DiscoveryClientOptionalArgsConfiguration : Eureka HTTP Client uses RestTemplate.
2026-06-26T22:42:47.821-04:00  WARN 250100 --- [torneos] [           main] iguration$LoadBalancerCaffeineWarnLogger : Spring Cloud LoadBalancer is currently working with the default cache. While this cache implementation is useful for development and tests, it's recommended to use Caffeine cache in production.You can switch to using Caffeine cache, by adding it and org.springframework.cache.caffeine.CaffeineCacheManager to the classpath.
2026-06-26T22:42:47.846-04:00  INFO 250100 --- [torneos] [           main] o.s.b.w.embedded.tomcat.TomcatWebServer  : Tomcat started on port 8081 (http) with context path ''
2026-06-26T22:42:47.881-04:00  INFO 250100 --- [torneos] [           main] c.e.TorneoTCG.TorneoTcgApplication       : Started TorneoTcgApplication in 5.173 seconds (process running for 5.406)
